// Jest Snapshot v1, https://goo.gl/fbAQLP

exports[`basic should build 1`] = `
"// Generated by purs version 0.14.5
\\"use strict\\";
var Effect_Console = require(\\"../Effect.Console/index.js\\");
var main = Effect_Console.log(\\"\\\\ud83c\\\\udf5d\\");
module.exports = {
    main: main
};
"
`;
